{
    "Test screening": {
        "content": [
            5,
            {
                "CRISPRCLEANR_NORMALIZE": {
                    "crisprcleanr": "3.0.0"
                },
                "FASTQC": {
                    "fastqc": "0.12.1"
                },
                "MAGECK_COUNT": {
                    "mageck": "0.5.9.5"
                },
                "Workflow": {
                    "nf-core/crisprseq": "v2.4.0dev"
                }
            },
            [
                "crisprcleanr",
                "crisprcleanr/normalization",
                "crisprcleanr/normalization/crisprcleanr_correctedCounts.RData",
                "crisprcleanr/normalization/crisprcleanr_norm_table.tsv",
                "design_matrix",
                "design_matrix/control_vs_treatment.txt",
                "mageck",
                "mageck/count",
                "mageck/count/count_table.count.txt",
                "mageck/count/count_table.count_normalized.txt",
                "mageck/count/count_table.countsummary.txt",
                "mageck/count/count_table.log",
                "pipeline_info",
                "pipeline_info/nf_core_crisprseq_software_mqc_versions.yml",
                "preprocessing",
                "preprocessing/fastqc",
                "preprocessing/fastqc/SRR8983579_fastqc.html",
                "preprocessing/fastqc/SRR8983579_fastqc.zip",
                "preprocessing/fastqc/SRR8983580_fastqc.html",
                "preprocessing/fastqc/SRR8983580_fastqc.zip"
            ],
            [
                "crisprcleanr_correctedCounts.RData:md5,09d6ef6a113038adff7d0324626473b0",
                "crisprcleanr_norm_table.tsv:md5,8de34e425e667ac065467b8b1528afb2",
                "control_vs_treatment.txt:md5,b0176dd28df9d555c023e0245f53f5c7",
                "count_table.count.txt:md5,b29e6d4761a5a0a1ce60e67f1fcd0379",
                "count_table.count_normalized.txt:md5,bceb9e7f01abf8cabffb176fc8974053",
                "count_table.countsummary.txt:md5,46ac90c7205030f5379168be6aabadac"
            ]
        ],
        "meta": {
            "nf-test": "0.9.2",
            "nextflow": "24.04.2"
        },
        "timestamp": "2025-05-27T16:43:30.498770966"
    }
}